// Jest Snapshot v1, https://goo.gl/fbAQLP

exports[`mjmlWithImageLoader errors should pass parse error to html 1`] = `"module.exports = {\\"html\\":\\"File: /Users/nod/www/_npm/mjml-with-images-loader/__tests__/index-test.js<br />- Line 3 of /Users/nod/www/_npm/mjml-with-images-loader (mj-123) â€” Element mj-123 doesn't exist or is not registered\\",\\"attachments\\":[]};"`;

exports[`mjmlWithImageLoader errors should pass parse error to html 2`] = `
Array [
  Array [
    "[31m[mjml-with-images-loader] ERROR in /Users/nod/www/_npm/mjml-with-images-loader/__tests__/index-test.js:[39m",
  ],
  Array [
    "- Line 3 of /Users/nod/www/_npm/mjml-with-images-loader (mj-123) â€” Element mj-123 doesn't exist or is not registered",
  ],
]
`;

exports[`mjmlWithImageLoader errors should pass template errors to html 1`] = `"module.exports = {\\"html\\":\\"File: /Users/nod/www/_npm/mjml-with-images-loader/__tests__/index-test.js<br />- Line 3 of /Users/nod/www/_npm/mjml-with-images-loader (mj-text222) â€” Element mj-text222 doesn't exist or is not registered\\",\\"attachments\\":[]};"`;

exports[`mjmlWithImageLoader errors should pass template errors to html 2`] = `
Array [
  Array [
    "[31m[mjml-with-images-loader] ERROR in /Users/nod/www/_npm/mjml-with-images-loader/__tests__/index-test.js:[39m",
  ],
  Array [
    "- Line 3 of /Users/nod/www/_npm/mjml-with-images-loader (mj-text222) â€” Element mj-text222 doesn't exist or is not registered",
  ],
]
`;

exports[`mjmlWithImageLoader should addDependency for mj-include to webpack 1`] = `"module.exports = \\"\\\\n    <!doctype html>\\\\n    <html xmlns=\\\\\\"http://www.w3.org/1999/xhtml\\\\\\" xmlns:v=\\\\\\"urn:schemas-microsoft-com:vml\\\\\\" xmlns:o=\\\\\\"urn:schemas-microsoft-com:office:office\\\\\\">\\\\n      <head>\\\\n        <title>\\\\n          \\\\n        </title>\\\\n        <!--[if !mso]><!-- -->\\\\n        <meta http-equiv=\\\\\\"X-UA-Compatible\\\\\\" content=\\\\\\"IE=edge\\\\\\">\\\\n        <!--<![endif]-->\\\\n        <meta http-equiv=\\\\\\"Content-Type\\\\\\" content=\\\\\\"text/html; charset=UTF-8\\\\\\">\\\\n        <meta name=\\\\\\"viewport\\\\\\" content=\\\\\\"width=device-width, initial-scale=1\\\\\\">\\\\n        <style type=\\\\\\"text/css\\\\\\">\\\\n          #outlook a { padding:0; }\\\\n          .ReadMsgBody { width:100%; }\\\\n          .ExternalClass { width:100%; }\\\\n          .ExternalClass * { line-height:100%; }\\\\n          body { margin:0;padding:0;-webkit-text-size-adjust:100%;-ms-text-size-adjust:100%; }\\\\n          table, td { border-collapse:collapse;mso-table-lspace:0pt;mso-table-rspace:0pt; }\\\\n          img { border:0;height:auto;line-height:100%; outline:none;text-decoration:none;-ms-interpolation-mode:bicubic; }\\\\n          p { display:block;margin:13px 0; }\\\\n        </style>\\\\n        <!--[if !mso]><!-->\\\\n        <style type=\\\\\\"text/css\\\\\\">\\\\n          @media only screen and (max-width:480px) {\\\\n            @-ms-viewport { width:320px; }\\\\n            @viewport { width:320px; }\\\\n          }\\\\n        </style>\\\\n        <!--<![endif]-->\\\\n        <!--[if mso]>\\\\n        <xml>\\\\n        <o:OfficeDocumentSettings>\\\\n          <o:AllowPNG/>\\\\n          <o:PixelsPerInch>96</o:PixelsPerInch>\\\\n        </o:OfficeDocumentSettings>\\\\n        </xml>\\\\n        <![endif]-->\\\\n        <!--[if lte mso 11]>\\\\n        <style type=\\\\\\"text/css\\\\\\">\\\\n          .outlook-group-fix { width:100% !important; }\\\\n        </style>\\\\n        <![endif]-->\\\\n        \\\\n      <!--[if !mso]><!-->\\\\n        <link href=\\\\\\"https://fonts.googleapis.com/css?family=Ubuntu:300,400,500,700\\\\\\" rel=\\\\\\"stylesheet\\\\\\" type=\\\\\\"text/css\\\\\\">\\\\n        <style type=\\\\\\"text/css\\\\\\">\\\\n          @import url(https://fonts.googleapis.com/css?family=Ubuntu:300,400,500,700);\\\\n        </style>\\\\n      <!--<![endif]-->\\\\n\\\\n    \\\\n        \\\\n    <style type=\\\\\\"text/css\\\\\\">\\\\n      @media only screen and (min-width:480px) {\\\\n        .mj-column-per-100 { width:100% !important; max-width: 100%; }\\\\n      }\\\\n    </style>\\\\n    \\\\n  \\\\n        <style type=\\\\\\"text/css\\\\\\">\\\\n        \\\\n        \\\\n        </style>\\\\n        \\\\n        \\\\n      </head>\\\\n      <body>\\\\n        \\\\n        \\\\n      <div\\\\n         style=\\\\\\"\\\\\\"\\\\n      >\\\\n        \\\\n      \\\\n      <!--[if mso | IE]>\\\\n      <table\\\\n         align=\\\\\\"center\\\\\\" border=\\\\\\"0\\\\\\" cellpadding=\\\\\\"0\\\\\\" cellspacing=\\\\\\"0\\\\\\" class=\\\\\\"\\\\\\" style=\\\\\\"width:600px;\\\\\\" width=\\\\\\"600\\\\\\"\\\\n      >\\\\n        <tr>\\\\n          <td style=\\\\\\"line-height:0px;font-size:0px;mso-line-height-rule:exactly;\\\\\\">\\\\n      <![endif]-->\\\\n    \\\\n      \\\\n      <div  style=\\\\\\"Margin:0px auto;max-width:600px;\\\\\\">\\\\n        \\\\n        <table\\\\n           align=\\\\\\"center\\\\\\" border=\\\\\\"0\\\\\\" cellpadding=\\\\\\"0\\\\\\" cellspacing=\\\\\\"0\\\\\\" role=\\\\\\"presentation\\\\\\" style=\\\\\\"width:100%;\\\\\\"\\\\n        >\\\\n          <tbody>\\\\n            <tr>\\\\n              <td\\\\n                 style=\\\\\\"direction:ltr;font-size:0px;padding:20px 0;text-align:center;vertical-align:top;\\\\\\"\\\\n              >\\\\n                <!--[if mso | IE]>\\\\n                  <table role=\\\\\\"presentation\\\\\\" border=\\\\\\"0\\\\\\" cellpadding=\\\\\\"0\\\\\\" cellspacing=\\\\\\"0\\\\\\">\\\\n                \\\\n        <tr>\\\\n      \\\\n            <td\\\\n               class=\\\\\\"\\\\\\" style=\\\\\\"vertical-align:top;width:600px;\\\\\\"\\\\n            >\\\\n          <![endif]-->\\\\n            \\\\n      <div\\\\n         class=\\\\\\"mj-column-per-100 outlook-group-fix\\\\\\" style=\\\\\\"font-size:13px;text-align:left;direction:ltr;display:inline-block;vertical-align:top;width:100%;\\\\\\"\\\\n      >\\\\n        \\\\n      <table\\\\n         border=\\\\\\"0\\\\\\" cellpadding=\\\\\\"0\\\\\\" cellspacing=\\\\\\"0\\\\\\" role=\\\\\\"presentation\\\\\\" style=\\\\\\"vertical-align:top;\\\\\\" width=\\\\\\"100%\\\\\\"\\\\n      >\\\\n        \\\\n            <tr>\\\\n              <td\\\\n                 align=\\\\\\"left\\\\\\" style=\\\\\\"font-size:0px;padding:10px 25px;word-break:break-word;\\\\\\"\\\\n              >\\\\n                \\\\n      <div\\\\n         style=\\\\\\"font-family:Ubuntu, Helvetica, Arial, sans-serif;font-size:13px;line-height:1;text-align:left;color:#000000;\\\\\\"\\\\n      >\\\\n        INCLUDED MESSAGE\\\\n      </div>\\\\n    \\\\n              </td>\\\\n            </tr>\\\\n          \\\\n      </table>\\\\n    \\\\n      </div>\\\\n    \\\\n          <!--[if mso | IE]>\\\\n            </td>\\\\n          \\\\n        </tr>\\\\n      \\\\n                  </table>\\\\n                <![endif]-->\\\\n              </td>\\\\n            </tr>\\\\n          </tbody>\\\\n        </table>\\\\n        \\\\n      </div>\\\\n    \\\\n      \\\\n      <!--[if mso | IE]>\\\\n          </td>\\\\n        </tr>\\\\n      </table>\\\\n      <![endif]-->\\\\n    \\\\n    \\\\n      </div>\\\\n    \\\\n      </body>\\\\n    </html>\\\\n  \\";"`;

exports[`mjmlWithImageLoader should addDependency for mj-include to webpack 2`] = `
Array [
  Array [
    "/Users/nod/www/_npm/mjml-with-images-loader/test-include.mjml",
  ],
]
`;

exports[`mjmlWithImageLoader should convert simple template 1`] = `"module.exports = {\\"html\\":\\"\\\\n    <!doctype html>\\\\n    <html xmlns=\\\\\\"http://www.w3.org/1999/xhtml\\\\\\" xmlns:v=\\\\\\"urn:schemas-microsoft-com:vml\\\\\\" xmlns:o=\\\\\\"urn:schemas-microsoft-com:office:office\\\\\\">\\\\n      <head>\\\\n        <title>\\\\n          \\\\n        </title>\\\\n        <!--[if !mso]><!-- -->\\\\n        <meta http-equiv=\\\\\\"X-UA-Compatible\\\\\\" content=\\\\\\"IE=edge\\\\\\">\\\\n        <!--<![endif]-->\\\\n        <meta http-equiv=\\\\\\"Content-Type\\\\\\" content=\\\\\\"text/html; charset=UTF-8\\\\\\">\\\\n        <meta name=\\\\\\"viewport\\\\\\" content=\\\\\\"width=device-width, initial-scale=1\\\\\\">\\\\n        <style type=\\\\\\"text/css\\\\\\">\\\\n          #outlook a { padding:0; }\\\\n          .ReadMsgBody { width:100%; }\\\\n          .ExternalClass { width:100%; }\\\\n          .ExternalClass * { line-height:100%; }\\\\n          body { margin:0;padding:0;-webkit-text-size-adjust:100%;-ms-text-size-adjust:100%; }\\\\n          table, td { border-collapse:collapse;mso-table-lspace:0pt;mso-table-rspace:0pt; }\\\\n          img { border:0;height:auto;line-height:100%; outline:none;text-decoration:none;-ms-interpolation-mode:bicubic; }\\\\n          p { display:block;margin:13px 0; }\\\\n        </style>\\\\n        <!--[if !mso]><!-->\\\\n        <style type=\\\\\\"text/css\\\\\\">\\\\n          @media only screen and (max-width:480px) {\\\\n            @-ms-viewport { width:320px; }\\\\n            @viewport { width:320px; }\\\\n          }\\\\n        </style>\\\\n        <!--<![endif]-->\\\\n        <!--[if mso]>\\\\n        <xml>\\\\n        <o:OfficeDocumentSettings>\\\\n          <o:AllowPNG/>\\\\n          <o:PixelsPerInch>96</o:PixelsPerInch>\\\\n        </o:OfficeDocumentSettings>\\\\n        </xml>\\\\n        <![endif]-->\\\\n        <!--[if lte mso 11]>\\\\n        <style type=\\\\\\"text/css\\\\\\">\\\\n          .outlook-group-fix { width:100% !important; }\\\\n        </style>\\\\n        <![endif]-->\\\\n        \\\\n      <!--[if !mso]><!-->\\\\n        <link href=\\\\\\"https://fonts.googleapis.com/css?family=Ubuntu:300,400,500,700\\\\\\" rel=\\\\\\"stylesheet\\\\\\" type=\\\\\\"text/css\\\\\\">\\\\n        <style type=\\\\\\"text/css\\\\\\">\\\\n          @import url(https://fonts.googleapis.com/css?family=Ubuntu:300,400,500,700);\\\\n        </style>\\\\n      <!--<![endif]-->\\\\n\\\\n    \\\\n        \\\\n    <style type=\\\\\\"text/css\\\\\\">\\\\n      @media only screen and (min-width:480px) {\\\\n        .mj-column-per-100 { width:100% !important; max-width: 100%; }\\\\n      }\\\\n    </style>\\\\n    \\\\n  \\\\n        <style type=\\\\\\"text/css\\\\\\">\\\\n        \\\\n        \\\\n        </style>\\\\n        \\\\n        \\\\n      </head>\\\\n      <body>\\\\n        \\\\n        \\\\n      <div\\\\n         style=\\\\\\"\\\\\\"\\\\n      >\\\\n        \\\\n      \\\\n      <!--[if mso | IE]>\\\\n      <table\\\\n         align=\\\\\\"center\\\\\\" border=\\\\\\"0\\\\\\" cellpadding=\\\\\\"0\\\\\\" cellspacing=\\\\\\"0\\\\\\" class=\\\\\\"\\\\\\" style=\\\\\\"width:600px;\\\\\\" width=\\\\\\"600\\\\\\"\\\\n      >\\\\n        <tr>\\\\n          <td style=\\\\\\"line-height:0px;font-size:0px;mso-line-height-rule:exactly;\\\\\\">\\\\n      <![endif]-->\\\\n    \\\\n      \\\\n      <div  style=\\\\\\"Margin:0px auto;max-width:600px;\\\\\\">\\\\n        \\\\n        <table\\\\n           align=\\\\\\"center\\\\\\" border=\\\\\\"0\\\\\\" cellpadding=\\\\\\"0\\\\\\" cellspacing=\\\\\\"0\\\\\\" role=\\\\\\"presentation\\\\\\" style=\\\\\\"width:100%;\\\\\\"\\\\n        >\\\\n          <tbody>\\\\n            <tr>\\\\n              <td\\\\n                 style=\\\\\\"direction:ltr;font-size:0px;padding:20px 0;text-align:center;vertical-align:top;\\\\\\"\\\\n              >\\\\n                <!--[if mso | IE]>\\\\n                  <table role=\\\\\\"presentation\\\\\\" border=\\\\\\"0\\\\\\" cellpadding=\\\\\\"0\\\\\\" cellspacing=\\\\\\"0\\\\\\">\\\\n                \\\\n        <tr>\\\\n      \\\\n            <td\\\\n               class=\\\\\\"\\\\\\" style=\\\\\\"vertical-align:top;width:600px;\\\\\\"\\\\n            >\\\\n          <![endif]-->\\\\n            \\\\n      <div\\\\n         class=\\\\\\"mj-column-per-100 outlook-group-fix\\\\\\" style=\\\\\\"font-size:13px;text-align:left;direction:ltr;display:inline-block;vertical-align:top;width:100%;\\\\\\"\\\\n      >\\\\n        \\\\n      <table\\\\n         border=\\\\\\"0\\\\\\" cellpadding=\\\\\\"0\\\\\\" cellspacing=\\\\\\"0\\\\\\" role=\\\\\\"presentation\\\\\\" style=\\\\\\"vertical-align:top;\\\\\\" width=\\\\\\"100%\\\\\\"\\\\n      >\\\\n        \\\\n            <tr>\\\\n              <td\\\\n                 align=\\\\\\"left\\\\\\" style=\\\\\\"font-size:0px;padding:10px 25px;word-break:break-word;\\\\\\"\\\\n              >\\\\n                \\\\n      <div\\\\n         style=\\\\\\"font-family:Ubuntu, Helvetica, Arial, sans-serif;font-size:13px;line-height:1;text-align:left;color:#000000;\\\\\\"\\\\n      >\\\\n        Hello World\\\\n      </div>\\\\n    \\\\n              </td>\\\\n            </tr>\\\\n          \\\\n      </table>\\\\n    \\\\n      </div>\\\\n    \\\\n          <!--[if mso | IE]>\\\\n            </td>\\\\n          \\\\n        </tr>\\\\n      \\\\n                  </table>\\\\n                <![endif]-->\\\\n              </td>\\\\n            </tr>\\\\n          </tbody>\\\\n        </table>\\\\n        \\\\n      </div>\\\\n    \\\\n      \\\\n      <!--[if mso | IE]>\\\\n          </td>\\\\n        </tr>\\\\n      </table>\\\\n      <![endif]-->\\\\n    \\\\n    \\\\n      </div>\\\\n    \\\\n      </body>\\\\n    </html>\\\\n  \\",\\"attachments\\":[]};"`;

exports[`mjmlWithImageLoader should convert template with image as attachments 1`] = `"module.exports = {\\"html\\":\\"\\\\n    <!doctype html>\\\\n    <html xmlns=\\\\\\"http://www.w3.org/1999/xhtml\\\\\\" xmlns:v=\\\\\\"urn:schemas-microsoft-com:vml\\\\\\" xmlns:o=\\\\\\"urn:schemas-microsoft-com:office:office\\\\\\">\\\\n      <head>\\\\n        <title>\\\\n          \\\\n        </title>\\\\n        <!--[if !mso]><!-- -->\\\\n        <meta http-equiv=\\\\\\"X-UA-Compatible\\\\\\" content=\\\\\\"IE=edge\\\\\\">\\\\n        <!--<![endif]-->\\\\n        <meta http-equiv=\\\\\\"Content-Type\\\\\\" content=\\\\\\"text/html; charset=UTF-8\\\\\\">\\\\n        <meta name=\\\\\\"viewport\\\\\\" content=\\\\\\"width=device-width, initial-scale=1\\\\\\">\\\\n        <style type=\\\\\\"text/css\\\\\\">\\\\n          #outlook a { padding:0; }\\\\n          .ReadMsgBody { width:100%; }\\\\n          .ExternalClass { width:100%; }\\\\n          .ExternalClass * { line-height:100%; }\\\\n          body { margin:0;padding:0;-webkit-text-size-adjust:100%;-ms-text-size-adjust:100%; }\\\\n          table, td { border-collapse:collapse;mso-table-lspace:0pt;mso-table-rspace:0pt; }\\\\n          img { border:0;height:auto;line-height:100%; outline:none;text-decoration:none;-ms-interpolation-mode:bicubic; }\\\\n          p { display:block;margin:13px 0; }\\\\n        </style>\\\\n        <!--[if !mso]><!-->\\\\n        <style type=\\\\\\"text/css\\\\\\">\\\\n          @media only screen and (max-width:480px) {\\\\n            @-ms-viewport { width:320px; }\\\\n            @viewport { width:320px; }\\\\n          }\\\\n        </style>\\\\n        <!--<![endif]-->\\\\n        <!--[if mso]>\\\\n        <xml>\\\\n        <o:OfficeDocumentSettings>\\\\n          <o:AllowPNG/>\\\\n          <o:PixelsPerInch>96</o:PixelsPerInch>\\\\n        </o:OfficeDocumentSettings>\\\\n        </xml>\\\\n        <![endif]-->\\\\n        <!--[if lte mso 11]>\\\\n        <style type=\\\\\\"text/css\\\\\\">\\\\n          .outlook-group-fix { width:100% !important; }\\\\n        </style>\\\\n        <![endif]-->\\\\n        \\\\n      <!--[if !mso]><!-->\\\\n        <link href=\\\\\\"https://fonts.googleapis.com/css?family=Ubuntu:300,400,500,700\\\\\\" rel=\\\\\\"stylesheet\\\\\\" type=\\\\\\"text/css\\\\\\">\\\\n        <style type=\\\\\\"text/css\\\\\\">\\\\n          @import url(https://fonts.googleapis.com/css?family=Ubuntu:300,400,500,700);\\\\n        </style>\\\\n      <!--<![endif]-->\\\\n\\\\n    \\\\n        \\\\n    <style type=\\\\\\"text/css\\\\\\">\\\\n      @media only screen and (min-width:480px) {\\\\n        .mj-column-per-100 { width:100% !important; max-width: 100%; }\\\\n      }\\\\n    </style>\\\\n    \\\\n  \\\\n        <style type=\\\\\\"text/css\\\\\\">\\\\n        \\\\n        \\\\n\\\\n    @media only screen and (max-width:480px) {\\\\n      table.full-width-mobile { width: 100% !important; }\\\\n      td.full-width-mobile { width: auto !important; }\\\\n    }\\\\n  \\\\n        </style>\\\\n        \\\\n        \\\\n      </head>\\\\n      <body>\\\\n        \\\\n        \\\\n      <div\\\\n         style=\\\\\\"\\\\\\"\\\\n      >\\\\n        \\\\n      \\\\n      <!--[if mso | IE]>\\\\n      <table\\\\n         align=\\\\\\"center\\\\\\" border=\\\\\\"0\\\\\\" cellpadding=\\\\\\"0\\\\\\" cellspacing=\\\\\\"0\\\\\\" class=\\\\\\"\\\\\\" style=\\\\\\"width:600px;\\\\\\" width=\\\\\\"600\\\\\\"\\\\n      >\\\\n        <tr>\\\\n          <td style=\\\\\\"line-height:0px;font-size:0px;mso-line-height-rule:exactly;\\\\\\">\\\\n      <![endif]-->\\\\n    \\\\n      \\\\n      <div  style=\\\\\\"Margin:0px auto;max-width:600px;\\\\\\">\\\\n        \\\\n        <table\\\\n           align=\\\\\\"center\\\\\\" border=\\\\\\"0\\\\\\" cellpadding=\\\\\\"0\\\\\\" cellspacing=\\\\\\"0\\\\\\" role=\\\\\\"presentation\\\\\\" style=\\\\\\"width:100%;\\\\\\"\\\\n        >\\\\n          <tbody>\\\\n            <tr>\\\\n              <td\\\\n                 style=\\\\\\"direction:ltr;font-size:0px;padding:20px 0;text-align:center;vertical-align:top;\\\\\\"\\\\n              >\\\\n                <!--[if mso | IE]>\\\\n                  <table role=\\\\\\"presentation\\\\\\" border=\\\\\\"0\\\\\\" cellpadding=\\\\\\"0\\\\\\" cellspacing=\\\\\\"0\\\\\\">\\\\n                \\\\n        <tr>\\\\n      \\\\n            <td\\\\n               class=\\\\\\"\\\\\\" style=\\\\\\"vertical-align:top;width:600px;\\\\\\"\\\\n            >\\\\n          <![endif]-->\\\\n            \\\\n      <div\\\\n         class=\\\\\\"mj-column-per-100 outlook-group-fix\\\\\\" style=\\\\\\"font-size:13px;text-align:left;direction:ltr;display:inline-block;vertical-align:top;width:100%;\\\\\\"\\\\n      >\\\\n        \\\\n      <table\\\\n         border=\\\\\\"0\\\\\\" cellpadding=\\\\\\"0\\\\\\" cellspacing=\\\\\\"0\\\\\\" role=\\\\\\"presentation\\\\\\" style=\\\\\\"vertical-align:top;\\\\\\" width=\\\\\\"100%\\\\\\"\\\\n      >\\\\n        \\\\n            <tr>\\\\n              <td\\\\n                 align=\\\\\\"left\\\\\\" style=\\\\\\"font-size:0px;padding:10px 25px;word-break:break-word;\\\\\\"\\\\n              >\\\\n                \\\\n      <div\\\\n         style=\\\\\\"font-family:Ubuntu, Helvetica, Arial, sans-serif;font-size:13px;line-height:1;text-align:left;color:#000000;\\\\\\"\\\\n      >\\\\n        Hello World\\\\n      </div>\\\\n    \\\\n              </td>\\\\n            </tr>\\\\n          \\\\n            <tr>\\\\n              <td\\\\n                 align=\\\\\\"center\\\\\\" style=\\\\\\"font-size:0px;padding:10px 25px;word-break:break-word;\\\\\\"\\\\n              >\\\\n                \\\\n      <table\\\\n         border=\\\\\\"0\\\\\\" cellpadding=\\\\\\"0\\\\\\" cellspacing=\\\\\\"0\\\\\\" role=\\\\\\"presentation\\\\\\" style=\\\\\\"border-collapse:collapse;border-spacing:0px;\\\\\\"\\\\n      >\\\\n        <tbody>\\\\n          <tr>\\\\n            <td  style=\\\\\\"width:100px;\\\\\\">\\\\n              \\\\n      <img\\\\n         height=\\\\\\"auto\\\\\\" src=\\\\\\"cid:54ecb5312f8bba83a03ac2074ce9188e\\\\\\" style=\\\\\\"border:0;display:block;outline:none;text-decoration:none;height:auto;width:100%;\\\\\\" width=\\\\\\"100\\\\\\"\\\\n      />\\\\n    \\\\n            </td>\\\\n          </tr>\\\\n        </tbody>\\\\n      </table>\\\\n    \\\\n              </td>\\\\n            </tr>\\\\n          \\\\n      </table>\\\\n    \\\\n      </div>\\\\n    \\\\n          <!--[if mso | IE]>\\\\n            </td>\\\\n          \\\\n        </tr>\\\\n      \\\\n                  </table>\\\\n                <![endif]-->\\\\n              </td>\\\\n            </tr>\\\\n          </tbody>\\\\n        </table>\\\\n        \\\\n      </div>\\\\n    \\\\n      \\\\n      <!--[if mso | IE]>\\\\n          </td>\\\\n        </tr>\\\\n      </table>\\\\n      <![endif]-->\\\\n    \\\\n    \\\\n      </div>\\\\n    \\\\n      </body>\\\\n    </html>\\\\n  \\",\\"attachments\\":[{\\"filename\\":\\"54ecb5312f8bba83a03ac2074ce9188e.jpg\\",\\"path\\":\\"data:image/jpg;base64,/9j/4AAQSkZJRgABAQAAAQABAAD//gA7Q1JFQVRPUjogZ2QtanBlZyB2MS4wICh1c2luZyBJSkcgSlBFRyB2NjIpLCBxdWFsaXR5ID0gOTAK/9sAQwADAgIDAgIDAwMDBAMDBAUIBQUEBAUKBwcGCAwKDAwLCgsLDQ4SEA0OEQ4LCxAWEBETFBUVFQwPFxgWFBgSFBUU/9sAQwEDBAQFBAUJBQUJFA0LDRQUFBQUFBQUFBQUFBQUFBQUFBQUFBQUFBQUFBQUFBQUFBQUFBQUFBQUFBQUFBQUFBQU/8AAEQgAKAAoAwEiAAIRAQMRAf/EAB8AAAEFAQEBAQEBAAAAAAAAAAABAgMEBQYHCAkKC//EALUQAAIBAwMCBAMFBQQEAAABfQECAwAEEQUSITFBBhNRYQcicRQygZGhCCNCscEVUtHwJDNicoIJChYXGBkaJSYnKCkqNDU2Nzg5OkNERUZHSElKU1RVVldYWVpjZGVmZ2hpanN0dXZ3eHl6g4SFhoeIiYqSk5SVlpeYmZqio6Slpqeoqaqys7S1tre4ubrCw8TFxsfIycrS09TV1tfY2drh4uPk5ebn6Onq8fLz9PX29/j5+v/EAB8BAAMBAQEBAQEBAQEAAAAAAAABAgMEBQYHCAkKC//EALURAAIBAgQEAwQHBQQEAAECdwABAgMRBAUhMQYSQVEHYXETIjKBCBRCkaGxwQkjM1LwFWJy0QoWJDThJfEXGBkaJicoKSo1Njc4OTpDREVGR0hJSlNUVVZXWFlaY2RlZmdoaWpzdHV2d3h5eoKDhIWGh4iJipKTlJWWl5iZmqKjpKWmp6ipqrKztLW2t7i5usLDxMXGx8jJytLT1NXW19jZ2uLj5OXm5+jp6vLz9PX29/j5+v/aAAwDAQACEQMRAD8A/VEkDrTVdW6HPavBb7xNqNqrl2uYSkjKDJlMgAcfNjnkfpTdX8Q3kWn2P2QvDJf2XnInnr87HcFIIPTO3kZ6ildWv/X5krmbt/X5HYfEb9oHw38PraYMzajqEThWsYSFlwe+GxwK/NP4xfEy4+IXxPu9VfUZo4JUkWVwWIG0ZUHnAUbkyMAjaR3zXa+Mo7rU/EmvaVqFxHGimZptlu+5MDj5ycBlYMen0HFfP2nvcXuqPaxLHJaXSO7XDrKMgSrtBfAOTyN3HrwK+TxVeWIkk3ZJPT+vwPSzPAfU/Z2lfmVynrL2mpTPbtc79UW2dbuM7V3Mo6KNvX7wOAejHsKK59fCV9o2pPcsIYIpFMDiZ/mLs23aMg8sd456bWGc4orswqhGLSlp6nl07Jan6B3Wvw/F+60TSrTXhrLaNG0l9eafKQssxROZJ9jRjcUJwMnJHGK6Dxr8TPAOkN4F0DxZq1xpfiDTbaKKGBr5cOgGF86TncdvJGRlumTirXh7wJpHgbwpp+i6DYmzgtOJJJIFaWc7EUu5VQWY7Rz1/Svh/wDbo8F6zf8AxY/tfT/D+omaZkja2iKzSE4wpCIS3QdgcYGSK9mnCEPdqS379TopxqTV6abt26Fv4x/tX6RaeJfFU9lYf23HcXUjm9jnMdvIjMeFUruJ52+hPOSOvpfwu8D2niufSvEOh69of2h7U6lHpE07E2hlj2qrjbjchwDgnBTvmvhfxf4X8Sadd6fDr3hbVtF09B9oaS+spYFmPRQCwGQOvFetfsu2Oqjx9beKdHvUt7LT7pYJoI7lo7hkKDzNnyMuSrnBbgnrxXPXy/DcjnTfLK97+f4m1WeIx04xmrtKy0toe1X37Nfi69ktRC1jdSw3tvc3HkXKkJsM0hyd4L5eXADD+DrzwV9XQal4ikikl0DWtO8SgKf+Jfr9n5E5PGB59ttVeT3haiviqmCzCT/dyi0czw3c+iLjRrG2jM1wsaIvLNt6Cvz8+IH7Q+h6f488S6Trt7Dpt7p1/JABqlmrggfdkjdlOFK4Ib5eCOmaKK+2x8faTUb2sr6HqZPXeHvJJPmdtTB0v9oXStGuHlj+I2m3VtI2VhuL9VMY/uo6nOP97dit+bxhoN9NBKwE1zd5lja32zhxkZcMpOVyw546iiivn3TtKKUnqfW18ZKnh6laMI3ilbR9XbuM8BeN/FDj994WvLGIuY1v41n+0JnGPkyTjA5IXpnmiiitE3Uu5Hw9FuUdz//Z\\",\\"cid\\":\\"54ecb5312f8bba83a03ac2074ce9188e\\"}]};"`;

exports[`mjmlWithImageLoader should convert template with image as attachments 2`] = `
Array [
  Array [
    "/Users/nod/www/_npm/mjml-with-images-loader/test-img.jpg",
  ],
]
`;

exports[`mjmlWithImageLoader should convert template with image inline as data:image/*;base64 1`] = `"module.exports = \\"\\\\n    <!doctype html>\\\\n    <html xmlns=\\\\\\"http://www.w3.org/1999/xhtml\\\\\\" xmlns:v=\\\\\\"urn:schemas-microsoft-com:vml\\\\\\" xmlns:o=\\\\\\"urn:schemas-microsoft-com:office:office\\\\\\">\\\\n      <head>\\\\n        <title>\\\\n          \\\\n        </title>\\\\n        <!--[if !mso]><!-- -->\\\\n        <meta http-equiv=\\\\\\"X-UA-Compatible\\\\\\" content=\\\\\\"IE=edge\\\\\\">\\\\n        <!--<![endif]-->\\\\n        <meta http-equiv=\\\\\\"Content-Type\\\\\\" content=\\\\\\"text/html; charset=UTF-8\\\\\\">\\\\n        <meta name=\\\\\\"viewport\\\\\\" content=\\\\\\"width=device-width, initial-scale=1\\\\\\">\\\\n        <style type=\\\\\\"text/css\\\\\\">\\\\n          #outlook a { padding:0; }\\\\n          .ReadMsgBody { width:100%; }\\\\n          .ExternalClass { width:100%; }\\\\n          .ExternalClass * { line-height:100%; }\\\\n          body { margin:0;padding:0;-webkit-text-size-adjust:100%;-ms-text-size-adjust:100%; }\\\\n          table, td { border-collapse:collapse;mso-table-lspace:0pt;mso-table-rspace:0pt; }\\\\n          img { border:0;height:auto;line-height:100%; outline:none;text-decoration:none;-ms-interpolation-mode:bicubic; }\\\\n          p { display:block;margin:13px 0; }\\\\n        </style>\\\\n        <!--[if !mso]><!-->\\\\n        <style type=\\\\\\"text/css\\\\\\">\\\\n          @media only screen and (max-width:480px) {\\\\n            @-ms-viewport { width:320px; }\\\\n            @viewport { width:320px; }\\\\n          }\\\\n        </style>\\\\n        <!--<![endif]-->\\\\n        <!--[if mso]>\\\\n        <xml>\\\\n        <o:OfficeDocumentSettings>\\\\n          <o:AllowPNG/>\\\\n          <o:PixelsPerInch>96</o:PixelsPerInch>\\\\n        </o:OfficeDocumentSettings>\\\\n        </xml>\\\\n        <![endif]-->\\\\n        <!--[if lte mso 11]>\\\\n        <style type=\\\\\\"text/css\\\\\\">\\\\n          .outlook-group-fix { width:100% !important; }\\\\n        </style>\\\\n        <![endif]-->\\\\n        \\\\n      <!--[if !mso]><!-->\\\\n        <link href=\\\\\\"https://fonts.googleapis.com/css?family=Ubuntu:300,400,500,700\\\\\\" rel=\\\\\\"stylesheet\\\\\\" type=\\\\\\"text/css\\\\\\">\\\\n        <style type=\\\\\\"text/css\\\\\\">\\\\n          @import url(https://fonts.googleapis.com/css?family=Ubuntu:300,400,500,700);\\\\n        </style>\\\\n      <!--<![endif]-->\\\\n\\\\n    \\\\n        \\\\n    <style type=\\\\\\"text/css\\\\\\">\\\\n      @media only screen and (min-width:480px) {\\\\n        .mj-column-per-100 { width:100% !important; max-width: 100%; }\\\\n      }\\\\n    </style>\\\\n    \\\\n  \\\\n        <style type=\\\\\\"text/css\\\\\\">\\\\n        \\\\n        \\\\n\\\\n    @media only screen and (max-width:480px) {\\\\n      table.full-width-mobile { width: 100% !important; }\\\\n      td.full-width-mobile { width: auto !important; }\\\\n    }\\\\n  \\\\n        </style>\\\\n        \\\\n        \\\\n      </head>\\\\n      <body>\\\\n        \\\\n        \\\\n      <div\\\\n         style=\\\\\\"\\\\\\"\\\\n      >\\\\n        \\\\n      \\\\n      <!--[if mso | IE]>\\\\n      <table\\\\n         align=\\\\\\"center\\\\\\" border=\\\\\\"0\\\\\\" cellpadding=\\\\\\"0\\\\\\" cellspacing=\\\\\\"0\\\\\\" class=\\\\\\"\\\\\\" style=\\\\\\"width:600px;\\\\\\" width=\\\\\\"600\\\\\\"\\\\n      >\\\\n        <tr>\\\\n          <td style=\\\\\\"line-height:0px;font-size:0px;mso-line-height-rule:exactly;\\\\\\">\\\\n      <![endif]-->\\\\n    \\\\n      \\\\n      <div  style=\\\\\\"Margin:0px auto;max-width:600px;\\\\\\">\\\\n        \\\\n        <table\\\\n           align=\\\\\\"center\\\\\\" border=\\\\\\"0\\\\\\" cellpadding=\\\\\\"0\\\\\\" cellspacing=\\\\\\"0\\\\\\" role=\\\\\\"presentation\\\\\\" style=\\\\\\"width:100%;\\\\\\"\\\\n        >\\\\n          <tbody>\\\\n            <tr>\\\\n              <td\\\\n                 style=\\\\\\"direction:ltr;font-size:0px;padding:20px 0;text-align:center;vertical-align:top;\\\\\\"\\\\n              >\\\\n                <!--[if mso | IE]>\\\\n                  <table role=\\\\\\"presentation\\\\\\" border=\\\\\\"0\\\\\\" cellpadding=\\\\\\"0\\\\\\" cellspacing=\\\\\\"0\\\\\\">\\\\n                \\\\n        <tr>\\\\n      \\\\n            <td\\\\n               class=\\\\\\"\\\\\\" style=\\\\\\"vertical-align:top;width:600px;\\\\\\"\\\\n            >\\\\n          <![endif]-->\\\\n            \\\\n      <div\\\\n         class=\\\\\\"mj-column-per-100 outlook-group-fix\\\\\\" style=\\\\\\"font-size:13px;text-align:left;direction:ltr;display:inline-block;vertical-align:top;width:100%;\\\\\\"\\\\n      >\\\\n        \\\\n      <table\\\\n         border=\\\\\\"0\\\\\\" cellpadding=\\\\\\"0\\\\\\" cellspacing=\\\\\\"0\\\\\\" role=\\\\\\"presentation\\\\\\" style=\\\\\\"vertical-align:top;\\\\\\" width=\\\\\\"100%\\\\\\"\\\\n      >\\\\n        \\\\n            <tr>\\\\n              <td\\\\n                 align=\\\\\\"left\\\\\\" style=\\\\\\"font-size:0px;padding:10px 25px;word-break:break-word;\\\\\\"\\\\n              >\\\\n                \\\\n      <div\\\\n         style=\\\\\\"font-family:Ubuntu, Helvetica, Arial, sans-serif;font-size:13px;line-height:1;text-align:left;color:#000000;\\\\\\"\\\\n      >\\\\n        Hello World\\\\n      </div>\\\\n    \\\\n              </td>\\\\n            </tr>\\\\n          \\\\n            <tr>\\\\n              <td\\\\n                 align=\\\\\\"center\\\\\\" style=\\\\\\"font-size:0px;padding:10px 25px;word-break:break-word;\\\\\\"\\\\n              >\\\\n                \\\\n      <table\\\\n         border=\\\\\\"0\\\\\\" cellpadding=\\\\\\"0\\\\\\" cellspacing=\\\\\\"0\\\\\\" role=\\\\\\"presentation\\\\\\" style=\\\\\\"border-collapse:collapse;border-spacing:0px;\\\\\\"\\\\n      >\\\\n        <tbody>\\\\n          <tr>\\\\n            <td  style=\\\\\\"width:100px;\\\\\\">\\\\n              \\\\n      <img\\\\n         height=\\\\\\"auto\\\\\\" src=\\\\\\"data:image/jpg;base64,/9j/4AAQSkZJRgABAQAAAQABAAD//gA7Q1JFQVRPUjogZ2QtanBlZyB2MS4wICh1c2luZyBJSkcgSlBFRyB2NjIpLCBxdWFsaXR5ID0gOTAK/9sAQwADAgIDAgIDAwMDBAMDBAUIBQUEBAUKBwcGCAwKDAwLCgsLDQ4SEA0OEQ4LCxAWEBETFBUVFQwPFxgWFBgSFBUU/9sAQwEDBAQFBAUJBQUJFA0LDRQUFBQUFBQUFBQUFBQUFBQUFBQUFBQUFBQUFBQUFBQUFBQUFBQUFBQUFBQUFBQUFBQU/8AAEQgAKAAoAwEiAAIRAQMRAf/EAB8AAAEFAQEBAQEBAAAAAAAAAAABAgMEBQYHCAkKC//EALUQAAIBAwMCBAMFBQQEAAABfQECAwAEEQUSITFBBhNRYQcicRQygZGhCCNCscEVUtHwJDNicoIJChYXGBkaJSYnKCkqNDU2Nzg5OkNERUZHSElKU1RVVldYWVpjZGVmZ2hpanN0dXZ3eHl6g4SFhoeIiYqSk5SVlpeYmZqio6Slpqeoqaqys7S1tre4ubrCw8TFxsfIycrS09TV1tfY2drh4uPk5ebn6Onq8fLz9PX29/j5+v/EAB8BAAMBAQEBAQEBAQEAAAAAAAABAgMEBQYHCAkKC//EALURAAIBAgQEAwQHBQQEAAECdwABAgMRBAUhMQYSQVEHYXETIjKBCBRCkaGxwQkjM1LwFWJy0QoWJDThJfEXGBkaJicoKSo1Njc4OTpDREVGR0hJSlNUVVZXWFlaY2RlZmdoaWpzdHV2d3h5eoKDhIWGh4iJipKTlJWWl5iZmqKjpKWmp6ipqrKztLW2t7i5usLDxMXGx8jJytLT1NXW19jZ2uLj5OXm5+jp6vLz9PX29/j5+v/aAAwDAQACEQMRAD8A/VEkDrTVdW6HPavBb7xNqNqrl2uYSkjKDJlMgAcfNjnkfpTdX8Q3kWn2P2QvDJf2XnInnr87HcFIIPTO3kZ6ildWv/X5krmbt/X5HYfEb9oHw38PraYMzajqEThWsYSFlwe+GxwK/NP4xfEy4+IXxPu9VfUZo4JUkWVwWIG0ZUHnAUbkyMAjaR3zXa+Mo7rU/EmvaVqFxHGimZptlu+5MDj5ycBlYMen0HFfP2nvcXuqPaxLHJaXSO7XDrKMgSrtBfAOTyN3HrwK+TxVeWIkk3ZJPT+vwPSzPAfU/Z2lfmVynrL2mpTPbtc79UW2dbuM7V3Mo6KNvX7wOAejHsKK59fCV9o2pPcsIYIpFMDiZ/mLs23aMg8sd456bWGc4orswqhGLSlp6nl07Jan6B3Wvw/F+60TSrTXhrLaNG0l9eafKQssxROZJ9jRjcUJwMnJHGK6Dxr8TPAOkN4F0DxZq1xpfiDTbaKKGBr5cOgGF86TncdvJGRlumTirXh7wJpHgbwpp+i6DYmzgtOJJJIFaWc7EUu5VQWY7Rz1/Svh/wDbo8F6zf8AxY/tfT/D+omaZkja2iKzSE4wpCIS3QdgcYGSK9mnCEPdqS379TopxqTV6abt26Fv4x/tX6RaeJfFU9lYf23HcXUjm9jnMdvIjMeFUruJ52+hPOSOvpfwu8D2niufSvEOh69of2h7U6lHpE07E2hlj2qrjbjchwDgnBTvmvhfxf4X8Sadd6fDr3hbVtF09B9oaS+spYFmPRQCwGQOvFetfsu2Oqjx9beKdHvUt7LT7pYJoI7lo7hkKDzNnyMuSrnBbgnrxXPXy/DcjnTfLK97+f4m1WeIx04xmrtKy0toe1X37Nfi69ktRC1jdSw3tvc3HkXKkJsM0hyd4L5eXADD+DrzwV9XQal4ikikl0DWtO8SgKf+Jfr9n5E5PGB59ttVeT3haiviqmCzCT/dyi0czw3c+iLjRrG2jM1wsaIvLNt6Cvz8+IH7Q+h6f488S6Trt7Dpt7p1/JABqlmrggfdkjdlOFK4Ib5eCOmaKK+2x8faTUb2sr6HqZPXeHvJJPmdtTB0v9oXStGuHlj+I2m3VtI2VhuL9VMY/uo6nOP97dit+bxhoN9NBKwE1zd5lja32zhxkZcMpOVyw546iiivn3TtKKUnqfW18ZKnh6laMI3ilbR9XbuM8BeN/FDj994WvLGIuY1v41n+0JnGPkyTjA5IXpnmiiitE3Uu5Hw9FuUdz//Z\\\\\\" style=\\\\\\"border:0;display:block;outline:none;text-decoration:none;height:auto;width:100%;\\\\\\" width=\\\\\\"100\\\\\\"\\\\n      />\\\\n    \\\\n            </td>\\\\n          </tr>\\\\n        </tbody>\\\\n      </table>\\\\n    \\\\n              </td>\\\\n            </tr>\\\\n          \\\\n      </table>\\\\n    \\\\n      </div>\\\\n    \\\\n          <!--[if mso | IE]>\\\\n            </td>\\\\n          \\\\n        </tr>\\\\n      \\\\n                  </table>\\\\n                <![endif]-->\\\\n              </td>\\\\n            </tr>\\\\n          </tbody>\\\\n        </table>\\\\n        \\\\n      </div>\\\\n    \\\\n      \\\\n      <!--[if mso | IE]>\\\\n          </td>\\\\n        </tr>\\\\n      </table>\\\\n      <![endif]-->\\\\n    \\\\n    \\\\n      </div>\\\\n    \\\\n      </body>\\\\n    </html>\\\\n  \\";"`;

exports[`mjmlWithImageLoader should convert template with image inline as data:image/*;base64 2`] = `
Array [
  Array [
    "/Users/nod/www/_npm/mjml-with-images-loader/test-img.jpg",
  ],
]
`;
